Archive member included to satisfy reference by file (symbol)

c:/mounriver2/mounriver_studio/toolchain/risc-v embedded gcc/bin/../lib/gcc/riscv-none-embed/8.2.0/rv32imac/ilp32\libgcc.a(divdf3.o)
                              ./User/main.o (__divdf3)
c:/mounriver2/mounriver_studio/toolchain/risc-v embedded gcc/bin/../lib/gcc/riscv-none-embed/8.2.0/rv32imac/ilp32\libgcc.a(gedf2.o)
                              ./User/main.o (__gtdf2)
c:/mounriver2/mounriver_studio/toolchain/risc-v embedded gcc/bin/../lib/gcc/riscv-none-embed/8.2.0/rv32imac/ilp32\libgcc.a(ledf2.o)
                              ./User/main.o (__ltdf2)
c:/mounriver2/mounriver_studio/toolchain/risc-v embedded gcc/bin/../lib/gcc/riscv-none-embed/8.2.0/rv32imac/ilp32\libgcc.a(muldf3.o)
                              ./User/main.o (__muldf3)
c:/mounriver2/mounriver_studio/toolchain/risc-v embedded gcc/bin/../lib/gcc/riscv-none-embed/8.2.0/rv32imac/ilp32\libgcc.a(subdf3.o)
                              ./User/main.o (__subdf3)
c:/mounriver2/mounriver_studio/toolchain/risc-v embedded gcc/bin/../lib/gcc/riscv-none-embed/8.2.0/rv32imac/ilp32\libgcc.a(addsf3.o)
                              ./User/main.o (__addsf3)
c:/mounriver2/mounriver_studio/toolchain/risc-v embedded gcc/bin/../lib/gcc/riscv-none-embed/8.2.0/rv32imac/ilp32\libgcc.a(mulsf3.o)
                              ./User/main.o (__mulsf3)
c:/mounriver2/mounriver_studio/toolchain/risc-v embedded gcc/bin/../lib/gcc/riscv-none-embed/8.2.0/rv32imac/ilp32\libgcc.a(fixunssfsi.o)
                              ./User/main.o (__fixunssfsi)
c:/mounriver2/mounriver_studio/toolchain/risc-v embedded gcc/bin/../lib/gcc/riscv-none-embed/8.2.0/rv32imac/ilp32\libgcc.a(extendsfdf2.o)
                              ./User/main.o (__extendsfdf2)
c:/mounriver2/mounriver_studio/toolchain/risc-v embedded gcc/bin/../lib/gcc/riscv-none-embed/8.2.0/rv32imac/ilp32\libgcc.a(truncdfsf2.o)
                              ./User/main.o (__truncdfsf2)
c:/mounriver2/mounriver_studio/toolchain/risc-v embedded gcc/bin/../lib/gcc/riscv-none-embed/8.2.0/rv32imac/ilp32\libgcc.a(_clzsi2.o)
                              c:/mounriver2/mounriver_studio/toolchain/risc-v embedded gcc/bin/../lib/gcc/riscv-none-embed/8.2.0/rv32imac/ilp32\libgcc.a(divdf3.o) (__clzsi2)
c:/mounriver2/mounriver_studio/toolchain/risc-v embedded gcc/bin/../lib/gcc/riscv-none-embed/8.2.0/rv32imac/ilp32\libgcc.a(_clz.o)
                              c:/mounriver2/mounriver_studio/toolchain/risc-v embedded gcc/bin/../lib/gcc/riscv-none-embed/8.2.0/rv32imac/ilp32\libgcc.a(_clzsi2.o) (__clz_tab)
c:/mounriver2/mounriver_studio/toolchain/risc-v embedded gcc/bin/../lib/gcc/riscv-none-embed/8.2.0/../../../../riscv-none-embed/lib/rv32imac/ilp32\libg_nano.a(lib_a-memset.o)
                              ./User/main.o (memset)
c:/mounriver2/mounriver_studio/toolchain/risc-v embedded gcc/bin/../lib/gcc/riscv-none-embed/8.2.0/../../../../riscv-none-embed/lib/rv32imac/ilp32\libg_nano.a(lib_a-printf.o)
                              ./User/main.o (printf)
c:/mounriver2/mounriver_studio/toolchain/risc-v embedded gcc/bin/../lib/gcc/riscv-none-embed/8.2.0/../../../../riscv-none-embed/lib/rv32imac/ilp32\libg_nano.a(lib_a-puts.o)
                              ./User/main.o (puts)
c:/mounriver2/mounriver_studio/toolchain/risc-v embedded gcc/bin/../lib/gcc/riscv-none-embed/8.2.0/../../../../riscv-none-embed/lib/rv32imac/ilp32\libg_nano.a(lib_a-wbuf.o)
                              c:/mounriver2/mounriver_studio/toolchain/risc-v embedded gcc/bin/../lib/gcc/riscv-none-embed/8.2.0/../../../../riscv-none-embed/lib/rv32imac/ilp32\libg_nano.a(lib_a-puts.o) (__swbuf_r)
c:/mounriver2/mounriver_studio/toolchain/risc-v embedded gcc/bin/../lib/gcc/riscv-none-embed/8.2.0/../../../../riscv-none-embed/lib/rv32imac/ilp32\libg_nano.a(lib_a-wsetup.o)
                              c:/mounriver2/mounriver_studio/toolchain/risc-v embedded gcc/bin/../lib/gcc/riscv-none-embed/8.2.0/../../../../riscv-none-embed/lib/rv32imac/ilp32\libg_nano.a(lib_a-puts.o) (__swsetup_r)
c:/mounriver2/mounriver_studio/toolchain/risc-v embedded gcc/bin/../lib/gcc/riscv-none-embed/8.2.0/../../../../riscv-none-embed/lib/rv32imac/ilp32\libg_nano.a(lib_a-fflush.o)
                              c:/mounriver2/mounriver_studio/toolchain/risc-v embedded gcc/bin/../lib/gcc/riscv-none-embed/8.2.0/../../../../riscv-none-embed/lib/rv32imac/ilp32\libg_nano.a(lib_a-wbuf.o) (_fflush_r)
c:/mounriver2/mounriver_studio/toolchain/risc-v embedded gcc/bin/../lib/gcc/riscv-none-embed/8.2.0/../../../../riscv-none-embed/lib/rv32imac/ilp32\libg_nano.a(lib_a-findfp.o)
                              c:/mounriver2/mounriver_studio/toolchain/risc-v embedded gcc/bin/../lib/gcc/riscv-none-embed/8.2.0/../../../../riscv-none-embed/lib/rv32imac/ilp32\libg_nano.a(lib_a-printf.o) (__sinit)
c:/mounriver2/mounriver_studio/toolchain/risc-v embedded gcc/bin/../lib/gcc/riscv-none-embed/8.2.0/../../../../riscv-none-embed/lib/rv32imac/ilp32\libg_nano.a(lib_a-fwalk.o)
[...]
Memory Configuration

Name             Origin             Length             Attributes
FLASH            0x0000000000000000 0x0000000000048000 xr
RAM              0x0000000020000000 0x0000000000008000 xrw
*default*        0x0000000000000000 0xffffffffffffffff

Linker script and memory map

LOAD ./lib/debug.o
LOAD ./lib/systick.o
LOAD ./User/ch32v30x_it.o
LOAD ./User/main.o
LOAD ./User/system_ch32v30x.o
LOAD ./Startup/startup_ch32v30x_D8C.o
LOAD ./Peripheral/src/ch32v30x_adc.o
LOAD ./Peripheral/src/ch32v30x_bkp.o
LOAD ./Peripheral/src/ch32v30x_can.o
LOAD ./Peripheral/src/ch32v30x_crc.o
LOAD ./Peripheral/src/ch32v30x_dac.o
LOAD ./Peripheral/src/ch32v30x_dbgmcu.o
LOAD ./Peripheral/src/ch32v30x_dma.o
LOAD ./Peripheral/src/ch32v30x_dvp.o
LOAD ./Peripheral/src/ch32v30x_eth.o
LOAD ./Peripheral/src/ch32v30x_exti.o
LOAD ./Peripheral/src/ch32v30x_flash.o
LOAD ./Peripheral/src/ch32v30x_fsmc.o
LOAD ./Peripheral/src/ch32v30x_gpio.o
LOAD ./Peripheral/src/ch32v30x_i2c.o
LOAD ./Peripheral/src/ch32v30x_iwdg.o
LOAD ./Peripheral/src/ch32v30x_misc.o
LOAD ./Peripheral/src/ch32v30x_opa.o
LOAD ./Peripheral/src/ch32v30x_pwr.o
LOAD ./Peripheral/src/ch32v30x_rcc.o
LOAD ./Peripheral/src/ch32v30x_rng.o
LOAD ./Peripheral/src/ch32v30x_rtc.o
LOAD ./Peripheral/src/ch32v30x_sdio.o
LOAD ./Peripheral/src/ch32v30x_spi.o
LOAD ./Peripheral/src/ch32v30x_tim.o
LOAD ./Peripheral/src/ch32v30x_usart.o
LOAD ./Peripheral/src/ch32v30x_wwdg.o
LOAD ./Debug/debug.o
LOAD ./Core/core_riscv.o
LOAD c:/mounriver2/mounriver_studio/toolchain/risc-v embedded gcc/bin/../lib/gcc/riscv-none-embed/8.2.0/rv32imac/ilp32\libgcc.a
LOAD c:/mounriver2/mounriver_studio/toolchain/risc-v embedded gcc/bin/../lib/gcc/riscv-none-embed/8.2.0/../../../../riscv-none-embed/lib/rv32imac/ilp32\libg_nano.a
LOAD c:/mounriver2/mounriver_studio/toolchain/risc-v embedded gcc/bin/../lib/gcc/riscv-none-embed/8.2.0/../../../../riscv-none-embed/lib/rv32imac/ilp32\libc_nano.a
LOAD c:/mounriver2/mounriver_studio/toolchain/risc-v embedded gcc/bin/../lib/gcc/riscv-none-embed/8.2.0/rv32imac/ilp32\libgcc.a
START GROUP
LOAD c:/mounriver2/mounriver_studio/toolchain/risc-v embedded gcc/bin/../lib/gcc/riscv-none-embed/8.2.0/rv32imac/ilp32\libgcc.a
LOAD c:/mounriver2/mounriver_studio/toolchain/risc-v embedded gcc/bin/../lib/gcc/riscv-none-embed/8.2.0/../../../../riscv-none-embed/lib/rv32imac/ilp32\libc_nano.a
LOAD c:/mounriver2/mounriver_studio/toolchain/risc-v embedded gcc/bin/../lib/gcc/riscv-none-embed/8.2.0/../../../../riscv-none-embed/lib/rv32imac/ilp32\libnosys.a
END GROUP
START GROUP
LOAD c:/mounriver2/mounriver_studio/toolchain/risc-v embedded gcc/bin/../lib/gcc/riscv-none-embed/8.2.0/rv32imac/ilp32\libgcc.a
LOAD c:/mounriver2/mounriver_studio/toolchain/risc-v embedded gcc/bin/../lib/gcc/riscv-none-embed/8.2.0/../../../../riscv-none-embed/lib/rv32imac/ilp32\libc_nano.a
LOAD c:/mounriver2/mounriver_studio/toolchain/risc-v embedded gcc/bin/../lib/gcc/riscv-none-embed/8.2.0/../../../../riscv-none-embed/lib/rv32imac/ilp32\libnosys.a
END GROUP
                0x0000000000000800                __stack_size = 0x800
                [!provide]                        PROVIDE (_stack_size = __stack_size)

.init           0x0000000000000000       0x38
                0x0000000000000000                _sinit = .
                0x0000000000000000                . = ALIGN (0x4)
 *(SORT_NONE(.init))
 .init          0x0000000000000000       0x38 ./Startup/startup_ch32v30x_D8C.o
                0x0000000000000000                _start
                0x0000000000000038                . = ALIGN (0x4)
                0x0000000000000038                _einit = .

.vector         0x0000000000000038      0x1c8
 *(.vector)
 .vector        0x0000000000000038      0x1a0 ./Startup/startup_ch32v30x_D8C.o
                0x0000000000000200                . = ALIGN (0x40)
 *fill*         0x00000000000001d8       0x28 

.text           0x0000000000000200     0x3a2c
                0x0000000000000200                . = ALIGN (0x4)
 *(.text)
 .text          0x0000000000000200       0xa8 c:/mounriver2/mounriver_studio/toolchain/risc-v embedded gcc/bin/../lib/gcc/riscv-none-embed/8.2.0/../../../../riscv-none-embed/lib/rv32imac/ilp32\libg_nano.a(lib_a-memset.o)
                0x0000000000000200                memset
 *(.text.*)
 .text.Debug_Init
                0x00000000000002a8       0x5e ./lib/debug.o
                0x00000000000002a8                Debug_Init
 .text._write   0x0000000000000306       0x50 ./lib/debug.o
                0x0000000000000306                _write
 .text._sbrk    0x0000000000000356       0x2a ./lib/debug.o
                0x0000000000000356                _sbrk
 .text.SysTick_Handler
                0x0000000000000380       0x16 ./lib/systick.o
                0x0000000000000380                SysTick_Handler
 .text.Systick_Init
                0x0000000000000396       0x4a ./lib/systick.o
                0x0000000000000396                Systick_Init
 .text.GetTick  0x00000000000003e0        0x6 ./lib/systick.o
                0x00000000000003e0                GetTick
 .text.NMI_Handler
                0x00000000000003e6        0x4 ./User/ch32v30x_it.o
                0x00000000000003e6                NMI_Handler
 .text.HardFault_Handler
                0x00000000000003ea        0x2 ./User/ch32v30x_it.o
                0x00000000000003ea                HardFault_Handler
 .text.update_dac_buffer
                0x00000000000003ec      0x16a ./User/main.o
 .text.DMA2_Channel3_IRQHandler
                0x0000000000000556       0x7a ./User/main.o
                0x0000000000000556                DMA2_Channel3_IRQHandler
 .text.DMA1_Channel1_IRQHandler
                0x00000000000005d0       0x4c ./User/main.o
                0x00000000000005d0                DMA1_Channel1_IRQHandler
 .text.DMA_Interrupt_Init
                0x000000000000061c       0x2c ./User/main.o
                0x000000000000061c                DMA_Interrupt_Init
 .text.DACs_Init
                0x0000000000000648       0xa8 ./User/main.o
                0x0000000000000648                DACs_Init
 .text.DAC_DMA_Init
                0x00000000000006f0       0x96 ./User/main.o
                0x00000000000006f0                DAC_DMA_Init
 .text.ADCs_Init
                0x0000000000000786       0xe8 ./User/main.o
                0x0000000000000786                ADCs_Init
 .text.ADC_DMA_Init
                0x000000000000086e       0x6c ./User/main.o
                0x000000000000086e                ADC_DMA_Init
 .text.Timer_Init
                0x00000000000008da       0x84 ./User/main.o
                0x00000000000008da                Timer_Init
 .text.startup.main
                0x000000000000095e      0x130 ./User/main.o
                0x000000000000095e                main
 .text.SystemInit
                0x0000000000000a8e       0xfa ./User/system_ch32v30x.o
                0x0000000000000a8e                SystemInit
 .text.vector_handler
                0x0000000000000b88       0xbe ./Startup/startup_ch32v30x_D8C.o
                0x0000000000000b8c                Ecall_M_Mode_Handler
                0x0000000000000b8e                Ecall_U_Mode_Handler
                0x0000000000000b90                Break_Point_Handler
                0x0000000000000b94                SW_Handler
                0x0000000000000b96                WWDG_IRQHandler
                0x0000000000000b98                PVD_IRQHandler
                0x0000000000000b9a                TAMPER_IRQHandler
                0x0000000000000b9c                RTC_IRQHandler
                0x0000000000000b9e                FLASH_IRQHandler
                0x0000000000000ba0                RCC_IRQHandler
                0x0000000000000ba2                EXTI0_IRQHandler
                0x0000000000000ba4                EXTI1_IRQHandler
                0x0000000000000ba6                EXTI2_IRQHandler
                0x0000000000000ba8                EXTI3_IRQHandler
                0x0000000000000baa                EXTI4_IRQHandler
                0x0000000000000bae                DMA1_Channel2_IRQHandler
                0x0000000000000bb0                DMA1_Channel3_IRQHandler
                0x0000000000000bb2                DMA1_Channel4_IRQHandler
                0x0000000000000bb4                DMA1_Channel5_IRQHandler
                0x0000000000000bb6                DMA1_Channel6_IRQHandler
                0x0000000000000bb8                DMA1_Channel7_IRQHandler
                0x0000000000000bba                ADC1_2_IRQHandler
                0x0000000000000bbc                USB_HP_CAN1_TX_IRQHandler
                0x0000000000000bbe                USB_LP_CAN1_RX0_IRQHandler
                0x0000000000000bc0                CAN1_RX1_IRQHandler
                0x0000000000000bc2                CAN1_SCE_IRQHandler
                0x0000000000000bc4                EXTI9_5_IRQHandler
                0x0000000000000bc6                TIM1_BRK_IRQHandler
                0x0000000000000bc8                TIM1_UP_IRQHandler
                0x0000000000000bca                TIM1_TRG_COM_IRQHandler
                0x0000000000000bcc                TIM1_CC_IRQHandler
                0x0000000000000bce                TIM2_IRQHandler
                0x0000000000000bd0                TIM3_IRQHandler
                0x0000000000000bd2                TIM4_IRQHandler
                0x0000000000000bd4                I2C1_EV_IRQHandler
                0x0000000000000bd6                I2C1_ER_IRQHandler
                0x0000000000000bd8                I2C2_EV_IRQHandler
                0x0000000000000bda                I2C2_ER_IRQHandler
                0x0000000000000bdc                SPI1_IRQHandler
                0x0000000000000bde                SPI2_IRQHandler
                0x0000000000000be0                USART1_IRQHandler
                0x0000000000000be2                USART2_IRQHandler
                0x0000000000000be4                USART3_IRQHandler
                0x0000000000000be6                EXTI15_10_IRQHandler
                0x0000000000000be8                RTCAlarm_IRQHandler
                0x0000000000000bea                USBWakeUp_IRQHandler
                0x0000000000000bec                TIM8_BRK_IRQHandler
                0x0000000000000bee                TIM8_UP_IRQHandler
                0x0000000000000bf0                TIM8_TRG_COM_IRQHandler
                0x0000000000000bf2                TIM8_CC_IRQHandler
                0x0000000000000bf4                RNG_IRQHandler
                0x0000000000000bf6                FSMC_IRQHandler
                0x0000000000000bf8                SDIO_IRQHandler
                0x0000000000000bfa                TIM5_IRQHandler
                0x0000000000000bfc                SPI3_IRQHandler
                0x0000000000000bfe                UART4_IRQHandler
                0x0000000000000c00                UART5_IRQHandler
                0x0000000000000c02                TIM6_IRQHandler
                0x0000000000000c04                TIM7_IRQHandler
                0x0000000000000c06                DMA2_Channel1_IRQHandler
                0x0000000000000c08                DMA2_Channel2_IRQHandler
                0x0000000000000c0c                DMA2_Channel4_IRQHandler
                0x0000000000000c0e                DMA2_Channel5_IRQHandler
                0x0000000000000c10                ETH_IRQHandler
                0x0000000000000c12                ETH_WKUP_IRQHandler
                0x0000000000000c14                CAN2_TX_IRQHandler
                0x0000000000000c16                CAN2_RX0_IRQHandler
                0x0000000000000c18                CAN2_RX1_IRQHandler
                0x0000000000000c1a                CAN2_SCE_IRQHandler
                0x0000000000000c1c                OTG_FS_IRQHandler
                0x0000000000000c1e                USBHSWakeup_IRQHandler
                0x0000000000000c20                USBHS_IRQHandler
                0x0000000000000c22                DVP_IRQHandler
                0x0000000000000c24                UART6_IRQHandler
                0x0000000000000c26                UART7_IRQHandler
                0x0000000000000c28                UART8_IRQHandler
                0x0000000000000c2a                TIM9_BRK_IRQHandler
                0x0000000000000c2c                TIM9_UP_IRQHandler
                0x0000000000000c2e                TIM9_TRG_COM_IRQHandler
                0x0000000000000c30                TIM9_CC_IRQHandler
                0x0000000000000c32                TIM10_BRK_IRQHandler
                0x0000000000000c34                TIM10_UP_IRQHandler
                0x0000000000000c36                TIM10_TRG_COM_IRQHandler
                0x0000000000000c38                TIM10_CC_IRQHandler
                0x0000000000000c3a                DMA2_Channel6_IRQHandler
                0x0000000000000c3c                DMA2_Channel7_IRQHandler
                0x0000000000000c3e                DMA2_Channel8_IRQHandler
                0x0000000000000c40                DMA2_Channel9_IRQHandler
                0x0000000000000c42                DMA2_Channel10_IRQHandler
                0x0000000000000c44                DMA2_Channel11_IRQHandler
 .text.handle_reset
                0x0000000000000c46       0x8a ./Startup/startup_ch32v30x_D8C.o
                0x0000000000000c46                handle_reset
 .text.ADC_Init
                0x0000000000000cd0       0x58 ./Peripheral/src/ch32v30x_adc.o
                0x0000000000000cd0                ADC_Init
 .text.ADC_Cmd  0x0000000000000d28       0x10 ./Peripheral/src/ch32v30x_adc.o
                0x0000000000000d28                ADC_Cmd
 .text.ADC_DMACmd
                0x0000000000000d38       0x12 ./Peripheral/src/ch32v30x_adc.o
                0x0000000000000d38                ADC_DMACmd
 .text.ADC_RegularChannelConfig
                0x0000000000000d4a       0xb8 ./Peripheral/src/ch32v30x_adc.o
                0x0000000000000d4a                ADC_RegularChannelConfig
 .text.ADC_ExternalTrigConvCmd
                0x0000000000000e02       0x18 ./Peripheral/src/ch32v30x_adc.o
                0x0000000000000e02                ADC_ExternalTrigConvCmd
 .text.DAC_Init
                0x0000000000000e1a       0x30 ./Peripheral/src/ch32v30x_dac.o
                0x0000000000000e1a                DAC_Init
 .text.DAC_Cmd  0x0000000000000e4a       0x2c ./Peripheral/src/ch32v30x_dac.o
                0x0000000000000e4a                DAC_Cmd
 .text.DAC_DMACmd
                0x0000000000000e76       0x2c ./Peripheral/src/ch32v30x_dac.o
                0x0000000000000e76                DAC_DMACmd
 .text.DAC_SetDualChannelData
                0x0000000000000ea2       0x1c ./Peripheral/src/ch32v30x_dac.o
                0x0000000000000ea2                DAC_SetDualChannelData
 .text.DMA_DeInit
                0x0000000000000ebe      0x16c ./Peripheral/src/ch32v30x_dma.o
                0x0000000000000ebe                DMA_DeInit
 .text.DMA_Init
                0x000000000000102a       0x38 ./Peripheral/src/ch32v30x_dma.o
                0x000000000000102a                DMA_Init
 .text.DMA_StructInit
                0x0000000000001062       0x2e ./Peripheral/src/ch32v30x_dma.o
                0x0000000000001062                DMA_StructInit
 .text.DMA_Cmd  0x0000000000001090       0x14 ./Peripheral/src/ch32v30x_dma.o
                0x0000000000001090                DMA_Cmd
 .text.DMA_ITConfig
                0x00000000000010a4       0x12 ./Peripheral/src/ch32v30x_dma.o
                0x00000000000010a4                DMA_ITConfig
 .text.DMA_GetFlagStatus
                0x00000000000010b6       0x32 ./Peripheral/src/ch32v30x_dma.o
                0x00000000000010b6                DMA_GetFlagStatus
 .text.DMA_ClearFlag
                0x00000000000010e8       0x2c ./Peripheral/src/ch32v30x_dma.o
                0x00000000000010e8                DMA_ClearFlag
 .text.DMA_GetITStatus
                0x0000000000001114        0x2 ./Peripheral/src/ch32v30x_dma.o
                0x0000000000001114                DMA_GetITStatus
 .text.DMA_ClearITPendingBit
                0x0000000000001116        0x2 ./Peripheral/src/ch32v30x_dma.o
                0x0000000000001116                DMA_ClearITPendingBit
 .text.GPIO_Init
                0x0000000000001118       0xc2 ./Peripheral/src/ch32v30x_gpio.o
                0x0000000000001118                GPIO_Init
 .text.GPIO_WriteBit
                0x00000000000011da        0xa ./Peripheral/src/ch32v30x_gpio.o
                0x00000000000011da                GPIO_WriteBit
 .text.NVIC_Init
                0x00000000000011e4       0xb8 ./Peripheral/src/ch32v30x_misc.o
                0x00000000000011e4                NVIC_Init
 .text.RCC_GetClocksFreq
                0x000000000000129c      0x10e ./Peripheral/src/ch32v30x_rcc.o
                0x000000000000129c                RCC_GetClocksFreq
 .text.RCC_AHBPeriphClockCmd
                0x00000000000013aa       0x1e ./Peripheral/src/ch32v30x_rcc.o
                0x00000000000013aa                RCC_AHBPeriphClockCmd
 .text.RCC_APB2PeriphClockCmd
                0x00000000000013c8       0x1e ./Peripheral/src/ch32v30x_rcc.o
                0x00000000000013c8                RCC_APB2PeriphClockCmd
 .text.RCC_APB1PeriphClockCmd
                0x00000000000013e6       0x1e ./Peripheral/src/ch32v30x_rcc.o
                0x00000000000013e6                RCC_APB1PeriphClockCmd
 .text.TIM_TimeBaseInit
                0x0000000000001404       0xc0 ./Peripheral/src/ch32v30x_tim.o
                0x0000000000001404                TIM_TimeBaseInit
 .text.TIM_TimeBaseStructInit
                0x00000000000014c4       0x18 ./Peripheral/src/ch32v30x_tim.o
                0x00000000000014c4                TIM_TimeBaseStructInit
 .text.TIM_Cmd  0x00000000000014dc       0x1c ./Peripheral/src/ch32v30x_tim.o
                0x00000000000014dc                TIM_Cmd
 .text.TIM_SelectOutputTrigger
                0x00000000000014f8       0x20 ./Peripheral/src/ch32v30x_tim.o
                0x00000000000014f8                TIM_SelectOutputTrigger
 .text.USART_Init
                0x0000000000001518       0xd8 ./Peripheral/src/ch32v30x_usart.o
                0x0000000000001518                USART_Init
 .text.USART_Cmd
                0x00000000000015f0       0x1c ./Peripheral/src/ch32v30x_usart.o
                0x00000000000015f0                USART_Cmd
 .text.USART_SendData
                0x000000000000160c        0xa ./Peripheral/src/ch32v30x_usart.o
                0x000000000000160c                USART_SendData
 .text.USART_GetFlagStatus
                0x0000000000001616        0xc ./Peripheral/src/ch32v30x_usart.o
                0x0000000000001616                USART_GetFlagStatus
 .text.__gedf2  0x0000000000001622       0xae c:/mounriver2/mounriver_studio/toolchain/risc-v embedded gcc/bin/../lib/gcc/riscv-none-embed/8.2.0/rv32imac/ilp32\libgcc.a(gedf2.o)
                0x0000000000001622                __gedf2
                0x0000000000001622                __gtdf2
 .text.__ledf2  0x00000000000016d0       0xb6 c:/mounriver2/mounriver_studio/toolchain/risc-v embedded gcc/bin/../lib/gcc/riscv-none-embed/8.2.0/rv32imac/ilp32\libgcc.a(ledf2.o)
                0x00000000000016d0                __ledf2
                0x00000000000016d0                __ltdf2
 .text.__subdf3
                0x0000000000001786      0x73e c:/mounriver2/mounriver_studio/toolchain/risc-v embedded gcc/bin/../lib/gcc/riscv-none-embed/8.2.0/rv32imac/ilp32\libgcc.a(subdf3.o)
                0x0000000000001786                __subdf3
 .text.__addsf3
                0x0000000000001ec4      0x368 c:/mounriver2/mounriver_studio/toolchain/risc-v embedded gcc/bin/../lib/gcc/riscv-none-embed/8.2.0/rv32imac/ilp32\libgcc.a(addsf3.o)
                0x0000000000001ec4                __addsf3
 .text.__mulsf3
                0x000000000000222c      0x290 c:/mounriver2/mounriver_studio/toolchain/risc-v embedded gcc/bin/../lib/gcc/riscv-none-embed/8.2.0/rv32imac/ilp32\libgcc.a(mulsf3.o)
                0x000000000000222c                __mulsf3
 .text.__fixunssfsi
                0x00000000000024bc       0x56 c:/mounriver2/mounriver_studio/toolchain/risc-v embedded gcc/bin/../lib/gcc/riscv-none-embed/8.2.0/rv32imac/ilp32\libgcc.a(fixunssfsi.o)
                0x00000000000024bc                __fixunssfsi
 .text.__extendsfdf2
                0x0000000000002512       0xac c:/mounriver2/mounriver_studio/toolchain/risc-v embedded gcc/bin/../lib/gcc/riscv-none-embed/8.2.0/rv32imac/ilp32\libgcc.a(extendsfdf2.o)
                0x0000000000002512                __extendsfdf2
 .text.__truncdfsf2
                0x00000000000025be      0x16a c:/mounriver2/mounriver_studio/toolchain/risc-v embedded gcc/bin/../lib/gcc/riscv-none-embed/8.2.0/rv32imac/ilp32\libgcc.a(truncdfsf2.o)
                0x00000000000025be                __truncdfsf2
 .text.__clzsi2
                0x0000000000002728       0x76 c:/mounriver2/mounriver_studio/toolchain/risc-v embedded gcc/bin/../lib/gcc/riscv-none-embed/8.2.0/rv32imac/ilp32\libgcc.a(_clzsi2.o)
                0x0000000000002728                __clzsi2
 .text.printf   0x000000000000279e       0x40 c:/mounriver2/mounriver_studio/toolchain/risc-v embedded gcc/bin/../lib/gcc/riscv-none-embed/8.2.0/../../../../riscv-none-embed/lib/rv32imac/ilp32\libg_nano.a(lib_a-printf.o)
                0x000000000000279e                iprintf
                0x000000000000279e                printf
 .text._puts_r  0x00000000000027de       0xda c:/mounriver2/mounriver_studio/toolchain/risc-v embedded gcc/bin/../lib/gcc/riscv-none-embed/8.2.0/../../../../riscv-none-embed/lib/rv32imac/ilp32\libg_nano.a(lib_a-puts.o)
                0x00000000000027de                _puts_r
 .text.puts     0x00000000000028b8        0xa c:/mounriver2/mounriver_studio/toolchain/risc-v embedded gcc/bin/../lib/gcc/riscv-none-embed/8.2.0/../../../../riscv-none-embed/lib/rv32imac/ilp32\libg_nano.a(lib_a-puts.o)
                0x00000000000028b8                puts
 .text.__swbuf_r
                0x00000000000028c2       0xc0 c:/mounriver2/mounriver_studio/toolchain/risc-v embedded gcc/bin/../lib/gcc/riscv-none-embed/8.2.0/../../../../riscv-none-embed/lib/rv32imac/ilp32\libg_nano.a(lib_a-wbuf.o)
                0x00000000000028c2                __swbuf_r
 .text.__swsetup_r
                0x0000000000002982      0x10c c:/mounriver2/mounriver_studio/toolchain/risc-v embedded gcc/bin/../lib/gcc/riscv-none-embed/8.2.0/../../../../riscv-none-embed/lib/rv32imac/ilp32\libg_nano.a(lib_a-wsetup.o)
                0x0000000000002982                __swsetup_r
 .text.__sflush_r
                0x0000000000002a8e      0x13c c:/mounriver2/mounriver_studio/toolchain/risc-v embedded gcc/bin/../lib/gcc/riscv-none-embed/8.2.0/../../../../riscv-none-embed/lib/rv32imac/ilp32\libg_nano.a(lib_a-fflush.o)
                0x0000000000002a8e                __sflush_r
 .text._fflush_r
                0x0000000000002bca       0x64 c:/mounriver2/mounriver_studio/toolchain/risc-v embedded gcc/bin/../lib/gcc/riscv-none-embed/8.2.0/../../../../riscv-none-embed/lib/rv32imac/ilp32\libg_nano.a(lib_a-fflush.o)
                0x0000000000002bca                _fflush_r
 .text.std      0x0000000000002c2e       0x6a c:/mounriver2/mounriver_studio/toolchain/risc-v embedded gcc/bin/../lib/gcc/riscv-none-embed/8.2.0/../../../../riscv-none-embed/lib/rv32imac/ilp32\libg_nano.a(lib_a-findfp.o)
 .text._cleanup_r
                0x0000000000002c98        0xa c:/mounriver2/mounriver_studio/toolchain/risc-v embedded gcc/bin/../lib/gcc/riscv-none-embed/8.2.0/../../../../riscv-none-embed/lib/rv32imac/ilp32\libg_nano.a(lib_a-findfp.o)
                0x0000000000002c98                _cleanup_r
 .text.__sfmoreglue
                0x0000000000002ca2       0x46 c:/mounriver2/mounriver_studio/toolchain/risc-v embedded gcc/bin/../lib/gcc/riscv-none-embed/8.2.0/../../../../riscv-none-embed/lib/rv32imac/ilp32\libg_nano.a(lib_a-findfp.o)
                0x0000000000002ca2                __sfmoreglue
 .text.__sinit  0x0000000000002ce8       0x66 c:/mounriver2/mounriver_studio/toolchain/risc-v embedded gcc/bin/../lib/gcc/riscv-none-embed/8.2.0/../../../../riscv-none-embed/lib/rv32imac/ilp32\libg_nano.a(lib_a-findfp.o)
                0x0000000000002ce8                __sinit
 .text.__sfp    0x0000000000002d4e       0x9c c:/mounriver2/mounriver_studio/toolchain/risc-v embedded gcc/bin/../lib/gcc/riscv-none-embed/8.2.0/../../../../riscv-none-embed/lib/rv32imac/ilp32\libg_nano.a(lib_a-findfp.o)
                0x0000000000002d4e                __sfp
 .text._fwalk_reent
                0x0000000000002dea       0x6c c:/mounriver2/mounriver_studio/toolchain/risc-v embedded gcc/bin/../lib/gcc/riscv-none-embed/8.2.0/../../../../riscv-none-embed/lib/rv32imac/ilp32\libg_nano.a(lib_a-fwalk.o)
                0x0000000000002dea                _fwalk_reent
 .text.__swhatbuf_r
                0x0000000000002e56       0x5a c:/mounriver2/mounriver_studio/toolchain/risc-v embedded gcc/bin/../lib/gcc/riscv-none-embed/8.2.0/../../../../riscv-none-embed/lib/rv32imac/ilp32\libg_nano.a(lib_a-makebuf.o)
                0x0000000000002e56                __swhatbuf_r
 .text.__smakebuf_r
                0x0000000000002eb0       0x9e c:/mounriver2/mounriver_studio/toolchain/risc-v embedded gcc/bin/../lib/gcc/riscv-none-embed/8.2.0/../../../../riscv-none-embed/lib/rv32imac/ilp32\libg_nano.a(lib_a-makebuf.o)
                0x0000000000002eb0                __smakebuf_r
 .text._free_r  0x0000000000002f4e       0xa8 c:/mounriver2/mounriver_studio/toolchain/risc-v embedded gcc/bin/../lib/gcc/riscv-none-embed/8.2.0/../../../../riscv-none-embed/lib/rv32imac/ilp32\libg_nano.a(lib_a-nano-freer.o)
                0x0000000000002f4e                _free_r
 .text._malloc_r
                0x0000000000002ff6       0xd4 c:/mounriver2/mounriver_studio/toolchain/risc-v embedded gcc/bin/../lib/gcc/riscv-none-embed/8.2.0/../../../../riscv-none-embed/lib/rv32imac/ilp32\libg_nano.a(lib_a-nano-mallocr.o)
                0x0000000000002ff6                _malloc_r
 .text.__sfputc_r
                0x00000000000030ca       0x2a c:/mounriver2/mounriver_studio/toolchain/risc-v embedded gcc/bin/../lib/gcc/riscv-none-embed/8.2.0/../../../../riscv-none-embed/lib/rv32imac/ilp32\libg_nano.a(lib_a-nano-vfprintf.o)
 .text.__sfputs_r
                0x00000000000030f4       0x42 c:/mounriver2/mounriver_studio/toolchain/risc-v embedded gcc/bin/../lib/gcc/riscv-none-embed/8.2.0/../../../../riscv-none-embed/lib/rv32imac/ilp32\libg_nano.a(lib_a-nano-vfprintf.o)
                0x00000000000030f4                __sfputs_r
 .text._vfprintf_r
                0x0000000000003136      0x298 c:/mounriver2/mounriver_studio/toolchain/risc-v embedded gcc/bin/../lib/gcc/riscv-none-embed/8.2.0/../../../../riscv-none-embed/lib/rv32imac/ilp32\libg_nano.a(lib_a-nano-vfprintf.o)
                0x0000000000003136                _vfprintf_r
                0x0000000000003136                _vfiprintf_r
 .text._printf_common
                0x00000000000033ce      0x10c c:/mounriver2/mounriver_studio/toolchain/risc-v embedded gcc/bin/../lib/gcc/riscv-none-embed/8.2.0/../../../../riscv-none-embed/lib/rv32imac/ilp32\libg_nano.a(lib_a-nano-vfprintf_i.o)
                0x00000000000033ce                _printf_common
 .text._printf_i
                0x00000000000034da      0x2a8 c:/mounriver2/mounriver_studio/toolchain/risc-v embedded gcc/bin/../lib/gcc/riscv-none-embed/8.2.0/../../../../riscv-none-embed/lib/rv32imac/ilp32\libg_nano.a(lib_a-nano-vfprintf_i.o)
                0x00000000000034da                _printf_i
 .text._sbrk_r  0x0000000000003782       0x2a c:/mounriver2/mounriver_studio/toolchain/risc-v embedded gcc/bin/../lib/gcc/riscv-none-embed/8.2.0/../../../../riscv-none-embed/lib/rv32imac/ilp32\libg_nano.a(lib_a-sbrkr.o)
                0x0000000000003782                _sbrk_r
 .text.__sread  0x00000000000037ac       0x30 c:/mounriver2/mounriver_studio/toolchain/risc-v embedded gcc/bin/../lib/gcc/riscv-none-embed/8.2.0/../../../../riscv-none-embed/lib/rv32imac/ilp32\libg_nano.a(lib_a-stdio.o)
                0x00000000000037ac                __sread
 .text.__swrite
                0x00000000000037dc       0x4e c:/mounriver2/mounriver_studio/toolchain/risc-v embedded gcc/bin/../lib/gcc/riscv-none-embed/8.2.0/../../../../riscv-none-embed/lib/rv32imac/ilp32\libg_nano.a(lib_a-stdio.o)
                0x00000000000037dc                __swrite
 .text.__sseek  0x000000000000382a       0x36 c:/mounriver2/mounriver_studio/toolchain/risc-v embedded gcc/bin/../lib/gcc/riscv-none-embed/8.2.0/../../../../riscv-none-embed/lib/rv32imac/ilp32\libg_nano.a(lib_a-stdio.o)
                0x000000000000382a                __sseek
 .text.__sclose
                0x0000000000003860        0x6 c:/mounriver2/mounriver_studio/toolchain/risc-v embedded gcc/bin/../lib/gcc/riscv-none-embed/8.2.0/../../../../riscv-none-embed/lib/rv32imac/ilp32\libg_nano.a(lib_a-stdio.o)
                0x0000000000003860                __sclose
 .text._write_r
                0x0000000000003866       0x2e c:/mounriver2/mounriver_studio/toolchain/risc-v embedded gcc/bin/../lib/gcc/riscv-none-embed/8.2.0/../../../../riscv-none-embed/lib/rv32imac/ilp32\libg_nano.a(lib_a-writer.o)
                0x0000000000003866                _write_r
 .text._close_r
                0x0000000000003894       0x28 c:/mounriver2/mounriver_studio/toolchain/risc-v embedded gcc/bin/../lib/gcc/riscv-none-embed/8.2.0/../../../../riscv-none-embed/lib/rv32imac/ilp32\libg_nano.a(lib_a-closer.o)
                0x0000000000003894                _close_r
 .text._fstat_r
                0x00000000000038bc       0x2a c:/mounriver2/mounriver_studio/toolchain/risc-v embedded gcc/bin/../lib/gcc/riscv-none-embed/8.2.0/../../../../riscv-none-embed/lib/rv32imac/ilp32\libg_nano.a(lib_a-fstatr.o)
                0x00000000000038bc                _fstat_r
 .text._isatty_r
                0x00000000000038e6       0x28 c:/mounriver2/mounriver_studio/toolchain/risc-v embedded gcc/bin/../lib/gcc/riscv-none-embed/8.2.0/../../../../riscv-none-embed/lib/rv32imac/ilp32\libg_nano.a(lib_a-isattyr.o)
                0x00000000000038e6                _isatty_r
 .text._lseek_r
                0x000000000000390e       0x2c c:/mounriver2/mounriver_studio/toolchain/risc-v embedded gcc/bin/../lib/gcc/riscv-none-embed/8.2.0/../../../../riscv-none-embed/lib/rv32imac/ilp32\libg_nano.a(lib_a-lseekr.o)
                0x000000000000390e                _lseek_r
 .text.memchr   0x000000000000393a       0x1a c:/mounriver2/mounriver_studio/toolchain/risc-v embedded gcc/bin/../lib/gcc/riscv-none-embed/8.2.0/../../../../riscv-none-embed/lib/rv32imac/ilp32\libg_nano.a(lib_a-memchr.o)
                0x000000000000393a                memchr
 .text.__malloc_lock
                0x0000000000003954        0x2 c:/mounriver2/mounriver_studio/toolchain/risc-v embedded gcc/bin/../lib/gcc/riscv-none-embed/8.2.0/../../../../riscv-none-embed/lib/rv32imac/ilp32\libg_nano.a(lib_a-mlock.o)
                0x0000000000003954                __malloc_lock
 .text.__malloc_unlock
                0x0000000000003956        0x2 c:/mounriver2/mounriver_studio/toolchain/risc-v embedded gcc/bin/../lib/gcc/riscv-none-embed/8.2.0/../../../../riscv-none-embed/lib/rv32imac/ilp32\libg_nano.a(lib_a-mlock.o)
                0x0000000000003956                __malloc_unlock
 .text._read_r  0x0000000000003958       0x2c c:/mounriver2/mounriver_studio/toolchain/risc-v embedded gcc/bin/../lib/gcc/riscv-none-embed/8.2.0/../../../../riscv-none-embed/lib/rv32imac/ilp32\libg_nano.a(lib_a-readr.o)
                0x0000000000003958                _read_r
 .text._close   0x0000000000003984        0xc c:/mounriver2/mounriver_studio/toolchain/risc-v embedded gcc/bin/../lib/gcc/riscv-none-embed/8.2.0/../../../../riscv-none-embed/lib/rv32imac/ilp32\libnosys.a(close.o)
                0x0000000000003984                _close
 .text._fstat   0x0000000000003990        0xc c:/mounriver2/mounriver_studio/toolchain/risc-v embedded gcc/bin/../lib/gcc/riscv-none-embed/8.2.0/../../../../riscv-none-embed/lib/rv32imac/ilp32\libnosys.a(fstat.o)
                0x0000000000003990                _fstat
 .text._isatty  0x000000000000399c        0xc c:/mounriver2/mounriver_studio/toolchain/risc-v embedded gcc/bin/../lib/gcc/riscv-none-embed/8.2.0/../../../../riscv-none-embed/lib/rv32imac/ilp32\libnosys.a(isatty.o)
                0x000000000000399c                _isatty
 .text._lseek   0x00000000000039a8        0xc c:/mounriver2/mounriver_studio/toolchain/risc-v embedded gcc/bin/../lib/gcc/riscv-none-embed/8.2.0/../../../../riscv-none-embed/lib/rv32imac/ilp32\libnosys.a(lseek.o)
                0x00000000000039a8                _lseek
 .text._read    0x00000000000039b4        0xc c:/mounriver2/mounriver_studio/toolchain/risc-v embedded gcc/bin/../lib/gcc/riscv-none-embed/8.2.0/../../../../riscv-none-embed/lib/rv32imac/ilp32\libnosys.a(read.o)
                0x00000000000039b4                _read
 *(.rodata)
 *(.rodata*)
 .rodata.main.cst4
                0x00000000000039c0       0x18 ./User/main.o
 *fill*         0x00000000000039d8        0x0 
 .rodata.main.cst8
                0x00000000000039d8       0x10 ./User/main.o
 .rodata.main.str1.4
                0x00000000000039e8       0x57 ./User/main.o
 *fill*         0x0000000000003a3f        0x1 
 .rodata.update_dac_buffer.cst4
                0x0000000000003a40        0x4 ./User/main.o
 *fill*         0x0000000000003a44        0x4 
 .rodata.update_dac_buffer.cst8
                0x0000000000003a48        0x8 ./User/main.o
 .rodata.__mulsf3
                0x0000000000003a50       0x40 c:/mounriver2/mounriver_studio/toolchain/risc-v embedded gcc/bin/../lib/gcc/riscv-none-embed/8.2.0/rv32imac/ilp32\libgcc.a(mulsf3.o)
 .rodata.__clz_tab
                0x0000000000003a90      0x100 c:/mounriver2/mounriver_studio/toolchain/risc-v embedded gcc/bin/../lib/gcc/riscv-none-embed/8.2.0/rv32imac/ilp32\libgcc.a(_clz.o)
                0x0000000000003a90                __clz_tab
 .rodata.__sf_fake_stderr
                0x0000000000003b90       0x20 c:/mounriver2/mounriver_studio/toolchain/risc-v embedded gcc/bin/../lib/gcc/riscv-none-embed/8.2.0/../../../../riscv-none-embed/lib/rv32imac/ilp32\libg_nano.a(lib_a-findfp.o)
                0x0000000000003b90                __sf_fake_stderr
 .rodata.__sf_fake_stdin
                0x0000000000003bb0       0x20 c:/mounriver2/mounriver_studio/toolchain/risc-v embedded gcc/bin/../lib/gcc/riscv-none-embed/8.2.0/../../../../riscv-none-embed/lib/rv32imac/ilp32\libg_nano.a(lib_a-findfp.o)
                0x0000000000003bb0                __sf_fake_stdin
 .rodata.__sf_fake_stdout
                0x0000000000003bd0       0x20 c:/mounriver2/mounriver_studio/toolchain/risc-v embedded gcc/bin/../lib/gcc/riscv-none-embed/8.2.0/../../../../riscv-none-embed/lib/rv32imac/ilp32\libg_nano.a(lib_a-findfp.o)
                0x0000000000003bd0                __sf_fake_stdout
 .rodata._vfprintf_r.str1.4
                0x0000000000003bf0       0x13 c:/mounriver2/mounriver_studio/toolchain/risc-v embedded gcc/bin/../lib/gcc/riscv-none-embed/8.2.0/../../../../riscv-none-embed/lib/rv32imac/ilp32\libg_nano.a(lib_a-nano-vfprintf.o)
 *fill*         0x0000000000003c03        0x1 
 .rodata._printf_i.str1.4
                0x0000000000003c04       0x28 c:/mounriver2/mounriver_studio/toolchain/risc-v embedded gcc/bin/../lib/gcc/riscv-none-embed/8.2.0/../../../../riscv-none-embed/lib/rv32imac/ilp32\libg_nano.a(lib_a-nano-vfprintf_i.o)
                                         0x25 (size before relaxing)
 *(.glue_7)
 *(.glue_7t)
 *(.gnu.linkonce.t.*)
                0x0000000000003c2c                . = ALIGN (0x4)

.rela.dyn       0x0000000000003c2c        0x0
 .rela.text._sbrk
                0x0000000000003c2c        0x0 ./lib/debug.o
 .rela.sdata.curbrk.5191
                0x0000000000003c2c        0x0 ./lib/debug.o
 .rela.text.update_dac_buffer
                0x0000000000003c2c        0x0 ./lib/debug.o
 .rela.text.DMA2_Channel3_IRQHandler
                0x0000000000003c2c        0x0 ./lib/debug.o
 .rela.text.DAC_DMA_Init
                0x0000000000003c2c        0x0 ./lib/debug.o
 .rela.text.ADC_DMA_Init
                0x0000000000003c2c        0x0 ./lib/debug.o
 .rela.text.startup.main
                0x0000000000003c2c        0x0 ./lib/debug.o
 .rela.init     0x0000000000003c2c        0x0 ./lib/debug.o
 .rela.vector   0x0000000000003c2c        0x0 ./lib/debug.o
 .rela.text.handle_reset
                0x0000000000003c2c        0x0 ./lib/debug.o
 .rela.text._vfprintf_r
                0x0000000000003c2c        0x0 ./lib/debug.o
 .rela.text._sbrk_r
                0x0000000000003c2c        0x0 ./lib/debug.o
 .rela.text._write_r
                0x0000000000003c2c        0x0 ./lib/debug.o
 .rela.text._close_r
                0x0000000000003c2c        0x0 ./lib/debug.o
 .rela.text._fstat_r
                0x0000000000003c2c        0x0 ./lib/debug.o
 .rela.text._isatty_r
                0x0000000000003c2c        0x0 ./lib/debug.o
 .rela.text._lseek_r
                0x0000000000003c2c        0x0 ./lib/debug.o
 .rela.text._read_r
                0x0000000000003c2c        0x0 ./lib/debug.o
 .rela.text._close
                0x0000000000003c2c        0x0 ./lib/debug.o
 .rela.text._fstat
                0x0000000000003c2c        0x0 ./lib/debug.o
 .rela.text._isatty
                0x0000000000003c2c        0x0 ./lib/debug.o
 .rela.text._lseek
                0x0000000000003c2c        0x0 ./lib/debug.o
 .rela.text._read
                0x0000000000003c2c        0x0 ./lib/debug.o

.fini           0x0000000000003c2c        0x0
 *(SORT_NONE(.fini))
                0x0000000000003c2c                . = ALIGN (0x4)
                [!provide]                        PROVIDE (_etext = .)
                [!provide]                        PROVIDE (_eitcm = .)

.preinit_array  0x0000000000003c2c        0x0
                [!provide]                        PROVIDE (__preinit_array_start = .)
 *(.preinit_array)
                [!provide]                        PROVIDE (__preinit_array_end = .)

.init_array     0x0000000000003c2c        0x0
                [!provide]                        PROVIDE (__init_array_start = .)
 *(SORT_BY_INIT_PRIORITY(.init_array.*) SORT_BY_INIT_PRIORITY(.ctors.*))
 *(.init_array EXCLUDE_FILE(*crtend?.o *crtend.o *crtbegin?.o *crtbegin.o) .ctors)
                [!provide]                        PROVIDE (__init_array_end = .)

.fini_array     0x0000000000003c2c        0x0
                [!provide]                        PROVIDE (__fini_array_start = .)
 *(SORT_BY_INIT_PRIORITY(.fini_array.*) SORT_BY_INIT_PRIORITY(.dtors.*))
 *(.fini_array EXCLUDE_FILE(*crtend?.o *crtend.o *crtbegin?.o *crtbegin.o) .dtors)
                [!provide]                        PROVIDE (__fini_array_end = .)

.ctors
 *crtbegin.o(.ctors)
 *crtbegin?.o(.ctors)
 *(EXCLUDE_FILE(*crtend?.o *crtend.o) .ctors)
 *(SORT_BY_NAME(.ctors.*))
 *(.ctors)

.dtors
 *crtbegin.o(.dtors)
 *crtbegin?.o(.dtors)
 *(EXCLUDE_FILE(*crtend?.o *crtend.o) .dtors)
 *(SORT_BY_NAME(.dtors.*))
 *(.dtors)

.dalign         0x0000000020000000        0x0 load address 0x0000000000003c2c
                0x0000000020000000                . = ALIGN (0x4)
                0x0000000020000000                PROVIDE (_data_vma = .)

.dlalign        0x0000000000003c2c        0x0
                0x0000000000003c2c                . = ALIGN (0x4)
                0x0000000000003c2c                PROVIDE (_data_lma = .)

.data           0x0000000020000000       0x88 load address 0x0000000000003c2c
 *(.gnu.linkonce.r.*)
 *(.data .data.*)
 .data.APBAHBPrescTable
                0x0000000020000000       0x10 ./Peripheral/src/ch32v30x_rcc.o
 .data.impure_data
                0x0000000020000010       0x60 c:/mounriver2/mounriver_studio/toolchain/risc-v embedded gcc/bin/../lib/gcc/riscv-none-embed/8.2.0/../../../../riscv-none-embed/lib/rv32imac/ilp32\libg_nano.a(lib_a-impure.o)
 *(.gnu.linkonce.d.*)
                0x0000000020000070                . = ALIGN (0x8)
                0x0000000020000870                PROVIDE (__global_pointer$ = (. + 0x800))
 *(.sdata .sdata.*)
 .sdata.curbrk.5191
                0x0000000020000070        0x4 ./lib/debug.o
 .sdata.SystemCoreClock
                0x0000000020000074        0x4 ./User/system_ch32v30x.o
                0x0000000020000074                SystemCoreClock
 .sdata.ADCPrescTable
                0x0000000020000078        0x4 ./Peripheral/src/ch32v30x_rcc.o
 .sdata._impure_ptr
                0x000000002000007c        0x4 c:/mounriver2/mounriver_studio/toolchain/risc-v embedded gcc/bin/../lib/gcc/riscv-none-embed/8.2.0/../../../../riscv-none-embed/lib/rv32imac/ilp32\libg_nano.a(lib_a-impure.o)
                0x000000002000007c                _impure_ptr
 *(.sdata2.*)
 .sdata2._global_impure_ptr
                0x0000000020000080        0x4 c:/mounriver2/mounriver_studio/toolchain/risc-v embedded gcc/bin/../lib/gcc/riscv-none-embed/8.2.0/../../../../riscv-none-embed/lib/rv32imac/ilp32\libg_nano.a(lib_a-impure.o)
                0x0000000020000080                _global_impure_ptr
 *(.gnu.linkonce.s.*)
                0x0000000020000088                . = ALIGN (0x8)
 *fill*         0x0000000020000084        0x4 
 *(.srodata.cst16)
 *(.srodata.cst8)
 *(.srodata.cst4)
 *(.srodata.cst2)
 *(.srodata .srodata.*)
                0x0000000020000088                . = ALIGN (0x4)
                0x0000000020000088                PROVIDE (_edata = .)

.bss            0x0000000020000088      0x340 load address 0x0000000000003cb4
                0x0000000020000088                . = ALIGN (0x4)
                0x0000000020000088                PROVIDE (_sbss = .)
 *(.sbss*)
 .sbss.uwTick   0x0000000020000088        0x4 ./lib/systick.o
                0x0000000020000088                uwTick
 .sbss.adc_count
                0x000000002000008c        0x4 ./User/main.o
                0x000000002000008c                adc_count
 .sbss.full_count
                0x0000000020000090        0x4 ./User/main.o
                0x0000000020000090                full_count
 .sbss.half_count
                0x0000000020000094        0x4 ./User/main.o
                0x0000000020000094                half_count
 .sbss.NVIC_Priority_Group
                0x0000000020000098        0x4 ./Peripheral/src/ch32v30x_misc.o
                0x0000000020000098                NVIC_Priority_Group
 .sbss.__malloc_free_list
                0x000000002000009c        0x4 c:/mounriver2/mounriver_studio/toolchain/risc-v embedded gcc/bin/../lib/gcc/riscv-none-embed/8.2.0/../../../../riscv-none-embed/lib/rv32imac/ilp32\libg_nano.a(lib_a-nano-mallocr.o)
                0x000000002000009c                __malloc_free_list
 .sbss.__malloc_sbrk_start
                0x00000000200000a0        0x4 c:/mounriver2/mounriver_studio/toolchain/risc-v embedded gcc/bin/../lib/gcc/riscv-none-embed/8.2.0/../../../../riscv-none-embed/lib/rv32imac/ilp32\libg_nano.a(lib_a-nano-mallocr.o)
                0x00000000200000a0                __malloc_sbrk_start
 *(.gnu.linkonce.sb.*)
 *(.bss*)
 *(.gnu.linkonce.b.*)
 *(COMMON*)
 COMMON         0x00000000200000a4      0x320 ./User/main.o
                0x00000000200000a4                osc
                0x00000000200000c4                dac_buffer
                0x0000000020000244                adc_buffer
 COMMON         0x00000000200003c4        0x4 c:/mounriver2/mounriver_studio/toolchain/risc-v embedded gcc/bin/../lib/gcc/riscv-none-embed/8.2.0/../../../../riscv-none-embed/lib/rv32imac/ilp32\libg_nano.a(lib_a-reent.o)
                0x00000000200003c4                errno
                0x00000000200003c8                . = ALIGN (0x4)
                0x00000000200003c8                PROVIDE (_ebss = .)
                0x00000000200003c8                PROVIDE (_end = _ebss)
                [!provide]                        PROVIDE (end = .)

.stack          0x0000000020007800      0x800
                0x0000000020007800                PROVIDE (_heap_end = .)
                0x0000000020007800                . = ALIGN (0x4)
                [!provide]                        PROVIDE (_susrstack = .)
                0x0000000020008000                . = (. + __stack_size)
 *fill*         0x0000000020007800      0x800 
                0x0000000020008000                PROVIDE (_eusrstack = .)
OUTPUT(CH32V307VCT6.elf elf32-littleriscv)

.debug_info     0x0000000000000000     0xf668
 .debug_info    0x0000000000000000      0xde9 ./lib/debug.o
 .debug_info    0x0000000000000de9      0xd13 ./lib/systick.o
 .debug_info    0x0000000000001afc      0x962 ./User/ch32v30x_it.o
 .debug_info    0x000000000000245e     0x2133 ./User/main.o
 .debug_info    0x0000000000004591      0xb63 ./User/system_ch32v30x.o
 .debug_info    0x00000000000050f4       0x22 ./Startup/startup_ch32v30x_D8C.o
 .debug_info    0x0000000000005116     0x16ed ./Peripheral/src/ch32v30x_adc.o
 .debug_info    0x0000000000006803      0xdbd ./Peripheral/src/ch32v30x_dac.o
 .debug_info    0x00000000000075c0      0xd13 ./Peripheral/src/ch32v30x_dma.o
 .debug_info    0x00000000000082d3     0x1093 ./Peripheral/src/ch32v30x_gpio.o
 .debug_info    0x0000000000009366      0xf6d ./Peripheral/src/ch32v30x_misc.o
 .debug_info    0x000000000000a2d3     0x155d ./Peripheral/src/ch32v30x_rcc.o
 .debug_info    0x000000000000b830     0x2a18 ./Peripheral/src/ch32v30x_tim.o
 .debug_info    0x000000000000e248     0x1420 ./Peripheral/src/ch32v30x_usart.o

.debug_abbrev   0x0000000000000000     0x28d2
 .debug_abbrev  0x0000000000000000      0x2bf ./lib/debug.o
 .debug_abbrev  0x00000000000002bf      0x29a ./lib/systick.o
 .debug_abbrev  0x0000000000000559      0x1cf ./User/ch32v30x_it.o
 .debug_abbrev  0x0000000000000728      0x482 ./User/main.o
 .debug_abbrev  0x0000000000000baa      0x2c0 ./User/system_ch32v30x.o
 .debug_abbrev  0x0000000000000e6a       0x12 ./Startup/startup_ch32v30x_D8C.o
 .debug_abbrev  0x0000000000000e7c      0x3ac ./Peripheral/src/ch32v30x_adc.o
 .debug_abbrev  0x0000000000001228      0x301 ./Peripheral/src/ch32v30x_dac.o
 .debug_abbrev  0x0000000000001529      0x2fd ./Peripheral/src/ch32v30x_dma.o
 .debug_abbrev  0x0000000000001826      0x31a ./Peripheral/src/ch32v30x_gpio.o
 .debug_abbrev  0x0000000000001b40      0x2fb ./Peripheral/src/ch32v30x_misc.o
 .debug_abbrev  0x0000000000001e3b      0x351 ./Peripheral/src/ch32v30x_rcc.o
 .debug_abbrev  0x000000000000218c      0x421 ./Peripheral/src/ch32v30x_tim.o
 .debug_abbrev  0x00000000000025ad      0x325 ./Peripheral/src/ch32v30x_usart.o

.debug_loc      0x0000000000000000     0x47bf
 .debug_loc     0x0000000000000000      0x151 ./lib/debug.o
 .debug_loc     0x0000000000000151      0x28b ./User/main.o
 .debug_loc     0x00000000000003dc       0xe5 ./User/system_ch32v30x.o
 .debug_loc     0x00000000000004c1      0xa8b ./Peripheral/src/ch32v30x_adc.o
 .debug_loc     0x0000000000000f4c      0x238 ./Peripheral/src/ch32v30x_dac.o
 .debug_loc     0x0000000000001184      0x19a ./Peripheral/src/ch32v30x_dma.o
 .debug_loc     0x000000000000131e      0x67b ./Peripheral/src/ch32v30x_gpio.o
 .debug_loc     0x0000000000001999       0xce ./Peripheral/src/ch32v30x_misc.o
 .debug_loc     0x0000000000001a67      0xa54 ./Peripheral/src/ch32v30x_rcc.o
 .debug_loc     0x00000000000024bb     0x1b0c ./Peripheral/src/ch32v30x_tim.o
 .debug_loc     0x0000000000003fc7      0x7f8 ./Peripheral/src/ch32v30x_usart.o

.debug_aranges  0x0000000000000000      0x9c8
 .debug_aranges
                0x0000000000000000       0x30 ./lib/debug.o
 .debug_aranges
                0x0000000000000030       0x30 ./lib/systick.o
 .debug_aranges
                0x0000000000000060       0x28 ./User/ch32v30x_it.o
 .debug_aranges
                0x0000000000000088       0x78 ./User/main.o
 .debug_aranges
                0x0000000000000100       0x28 ./User/system_ch32v30x.o
 .debug_aranges
                0x0000000000000128       0x30 ./Startup/startup_ch32v30x_D8C.o
 .debug_aranges
                0x0000000000000158      0x150 ./Peripheral/src/ch32v30x_adc.o
 .debug_aranges
                0x00000000000002a8       0x78 ./Peripheral/src/ch32v30x_dac.o
 .debug_aranges
                0x0000000000000320       0x60 ./Peripheral/src/ch32v30x_dma.o
 .debug_aranges
                0x0000000000000380       0xa8 ./Peripheral/src/ch32v30x_gpio.o
 .debug_aranges
                0x0000000000000428       0x28 ./Peripheral/src/ch32v30x_misc.o
 .debug_aranges
                0x0000000000000450      0x1a8 ./Peripheral/src/ch32v30x_rcc.o
 .debug_aranges
                0x00000000000005f8      0x2d0 ./Peripheral/src/ch32v30x_tim.o
 .debug_aranges
                0x00000000000008c8      0x100 ./Peripheral/src/ch32v30x_usart.o

.debug_ranges   0x0000000000000000      0xa38
 .debug_ranges  0x0000000000000000       0x20 ./lib/debug.o
 .debug_ranges  0x0000000000000020       0x20 ./lib/systick.o
 .debug_ranges  0x0000000000000040       0x18 ./User/ch32v30x_it.o
 .debug_ranges  0x0000000000000058      0x118 ./User/main.o
 .debug_ranges  0x0000000000000170       0x38 ./User/system_ch32v30x.o
 .debug_ranges  0x00000000000001a8       0x28 ./Startup/startup_ch32v30x_D8C.o
 .debug_ranges  0x00000000000001d0      0x140 ./Peripheral/src/ch32v30x_adc.o
 .debug_ranges  0x0000000000000310       0x68 ./Peripheral/src/ch32v30x_dac.o
 .debug_ranges  0x0000000000000378       0x50 ./Peripheral/src/ch32v30x_dma.o
 .debug_ranges  0x00000000000003c8       0x98 ./Peripheral/src/ch32v30x_gpio.o
 .debug_ranges  0x0000000000000460       0x48 ./Peripheral/src/ch32v30x_misc.o
 .debug_ranges  0x00000000000004a8      0x198 ./Peripheral/src/ch32v30x_rcc.o
 .debug_ranges  0x0000000000000640      0x308 ./Peripheral/src/ch32v30x_tim.o
 .debug_ranges  0x0000000000000948       0xf0 ./Peripheral/src/ch32v30x_usart.o

.debug_line     0x0000000000000000     0xbe98
 .debug_line    0x0000000000000000      0x4f4 ./lib/debug.o
 .debug_line    0x00000000000004f4      0x3b4 ./lib/systick.o
 .debug_line    0x00000000000008a8      0x21d ./User/ch32v30x_it.o
 .debug_line    0x0000000000000ac5     0x1134 ./User/main.o
 .debug_line    0x0000000000001bf9      0x6fb ./User/system_ch32v30x.o
 .debug_line    0x00000000000022f4      0x356 ./Startup/startup_ch32v30x_D8C.o
 .debug_line    0x000000000000264a     0x1876 ./Peripheral/src/ch32v30x_adc.o
 .debug_line    0x0000000000003ec0      0x802 ./Peripheral/src/ch32v30x_dac.o
 .debug_line    0x00000000000046c2      0x99f ./Peripheral/src/ch32v30x_dma.o
 .debug_line    0x0000000000005061      0xd7f ./Peripheral/src/ch32v30x_gpio.o
 .debug_line    0x0000000000005de0      0x49e ./Peripheral/src/ch32v30x_misc.o
 .debug_line    0x000000000000627e     0x17bf ./Peripheral/src/ch32v30x_rcc.o
 .debug_line    0x0000000000007a3d     0x33e3 ./Peripheral/src/ch32v30x_tim.o
 .debug_line    0x000000000000ae20     0x1078 ./Peripheral/src/ch32v30x_usart.o

.debug_str      0x0000000000000000     0x33b3
 .debug_str     0x0000000000000000      0x7eb ./lib/debug.o
                                        0x877 (size before relaxing)
 .debug_str     0x00000000000007eb      0x62d ./lib/systick.o
                                        0xbb9 (size before relaxing)
 .debug_str     0x0000000000000e18       0x34 ./User/ch32v30x_it.o
                                        0x596 (size before relaxing)
 .debug_str     0x0000000000000e4c      0x7da ./User/main.o
                                       0x156a (size before relaxing)
 .debug_str     0x0000000000001626       0xef ./User/system_ch32v30x.o
                                        0x690 (size before relaxing)
 .debug_str     0x0000000000001715       0x2e ./Startup/startup_ch32v30x_D8C.o
                                         0x55 (size before relaxing)
 .debug_str     0x0000000000001743      0x499 ./Peripheral/src/ch32v30x_adc.o
                                        0xbf7 (size before relaxing)
 .debug_str     0x0000000000001bdc      0x113 ./Peripheral/src/ch32v30x_dac.o
                                        0x7df (size before relaxing)
 .debug_str     0x0000000000001cef       0xc3 ./Peripheral/src/ch32v30x_dma.o
                                        0x7d3 (size before relaxing)
 .debug_str     0x0000000000001db2      0x211 ./Peripheral/src/ch32v30x_gpio.o
                                        0x951 (size before relaxing)
 .debug_str     0x0000000000001fc3      0x113 ./Peripheral/src/ch32v30x_misc.o
                                        0xcab (size before relaxing)
 .debug_str     0x00000000000020d6      0x59c ./Peripheral/src/ch32v30x_rcc.o
                                        0xca1 (size before relaxing)
 .debug_str     0x0000000000002672      0x9f7 ./Peripheral/src/ch32v30x_tim.o
                                       0x125b (size before relaxing)
 .debug_str     0x0000000000003069      0x34a ./Peripheral/src/ch32v30x_usart.o
                                        0xaf7 (size before relaxing)

.comment        0x0000000000000000       0x33
 .comment       0x0000000000000000       0x33 ./lib/debug.o
                                         0x34 (size before relaxing)
 .comment       0x0000000000000033       0x34 ./lib/systick.o
 .comment       0x0000000000000033       0x34 ./User/ch32v30x_it.o
 .comment       0x0000000000000033       0x34 ./User/main.o
 .comment       0x0000000000000033       0x34 ./User/system_ch32v30x.o
 .comment       0x0000000000000033       0x34 ./Peripheral/src/ch32v30x_adc.o
 .comment       0x0000000000000033       0x34 ./Peripheral/src/ch32v30x_dac.o
 .comment       0x0000000000000033       0x34 ./Peripheral/src/ch32v30x_dma.o
 .comment       0x0000000000000033       0x34 ./Peripheral/src/ch32v30x_gpio.o
 .comment       0x0000000000000033       0x34 ./Peripheral/src/ch32v30x_misc.o
 .comment       0x0000000000000033       0x34 ./Peripheral/src/ch32v30x_rcc.o
 .comment       0x0000000000000033       0x34 ./Peripheral/src/ch32v30x_tim.o
 .comment       0x0000000000000033       0x34 ./Peripheral/src/ch32v30x_usart.o

.debug_frame    0x0000000000000000     0x1f50
 .debug_frame   0x0000000000000000       0x74 ./lib/debug.o
 .debug_frame   0x0000000000000074       0x4c ./lib/systick.o
 .debug_frame   0x00000000000000c0       0x30 ./User/ch32v30x_it.o
 .debug_frame   0x00000000000000f0      0x1b8 ./User/main.o
 .debug_frame   0x00000000000002a8       0x3c ./User/system_ch32v30x.o
 .debug_frame   0x00000000000002e4      0x2bc ./Peripheral/src/ch32v30x_adc.o
 .debug_frame   0x00000000000005a0       0xf4 ./Peripheral/src/ch32v30x_dac.o
 .debug_frame   0x0000000000000694       0xc0 ./Peripheral/src/ch32v30x_dma.o
 .debug_frame   0x0000000000000754      0x150 ./Peripheral/src/ch32v30x_gpio.o
 .debug_frame   0x00000000000008a4       0x30 ./Peripheral/src/ch32v30x_misc.o
 .debug_frame   0x00000000000008d4      0x340 ./Peripheral/src/ch32v30x_rcc.o
 .debug_frame   0x0000000000000c14      0x66c ./Peripheral/src/ch32v30x_tim.o
 .debug_frame   0x0000000000001280      0x210 ./Peripheral/src/ch32v30x_usart.o
 .debug_frame   0x0000000000001490       0x20 c:/mounriver2/mounriver_studio/toolchain/risc-v embedded gcc/bin/../lib/gcc/riscv-none-embed/8.2.0/rv32imac/ilp32\libgcc.a(gedf2.o)
 .debug_frame   0x00000000000014b0       0x20 c:/mounriver2/mounriver_studio/toolchain/risc-v embedded gcc/bin/../lib/gcc/riscv-none-embed/8.2.0/rv32imac/ilp32\libgcc.a(ledf2.o)
 .debug_frame   0x00000000000014d0       0x44 c:/mounriver2/mounriver_studio/toolchain/risc-v embedded gcc/bin/../lib/gcc/riscv-none-embed/8.2.0/rv32imac/ilp32\libgcc.a(subdf3.o)
 .debug_frame   0x0000000000001514       0x40 c:/mounriver2/mounriver_studio/toolchain/risc-v embedded gcc/bin/../lib/gcc/riscv-none-embed/8.2.0/rv32imac/ilp32\libgcc.a(addsf3.o)
 .debug_frame   0x0000000000001554       0x50 c:/mounriver2/mounriver_studio/toolchain/risc-v embedded gcc/bin/../lib/gcc/riscv-none-embed/8.2.0/rv32imac/ilp32\libgcc.a(mulsf3.o)
 .debug_frame   0x00000000000015a4       0x20 c:/mounriver2/mounriver_studio/toolchain/risc-v embedded gcc/bin/../lib/gcc/riscv-none-embed/8.2.0/rv32imac/ilp32\libgcc.a(fixunssfsi.o)
 .debug_frame   0x00000000000015c4       0x38 c:/mounriver2/mounriver_studio/toolchain/risc-v embedded gcc/bin/../lib/gcc/riscv-none-embed/8.2.0/rv32imac/ilp32\libgcc.a(extendsfdf2.o)
 .debug_frame   0x00000000000015fc       0x20 c:/mounriver2/mounriver_studio/toolchain/risc-v embedded gcc/bin/../lib/gcc/riscv-none-embed/8.2.0/rv32imac/ilp32\libgcc.a(truncdfsf2.o)
 .debug_frame   0x000000000000161c       0x20 c:/mounriver2/mounriver_studio/toolchain/risc-v embedded gcc/bin/../lib/gcc/riscv-none-embed/8.2.0/rv32imac/ilp32\libgcc.a(_clzsi2.o)
 .debug_frame   0x000000000000163c       0x54 c:/mounriver2/mounriver_studio/toolchain/risc-v embedded gcc/bin/../lib/gcc/riscv-none-embed/8.2.0/../../../../riscv-none-embed/lib/rv32imac/ilp32\libg_nano.a(lib_a-printf.o)
 .debug_frame   0x0000000000001690       0x54 c:/mounriver2/mounriver_studio/toolchain/risc-v embedded gcc/bin/../lib/gcc/riscv-none-embed/8.2.0/../../../../riscv-none-embed/lib/rv32imac/ilp32\libg_nano.a(lib_a-puts.o)
 .debug_frame   0x00000000000016e4       0x50 c:/mounriver2/mounriver_studio/toolchain/risc-v embedded gcc/bin/../lib/gcc/riscv-none-embed/8.2.0/../../../../riscv-none-embed/lib/rv32imac/ilp32\libg_nano.a(lib_a-wbuf.o)
 .debug_frame   0x0000000000001734       0x3c c:/mounriver2/mounriver_studio/toolchain/risc-v embedded gcc/bin/../lib/gcc/riscv-none-embed/8.2.0/../../../../riscv-none-embed/lib/rv32imac/ilp32\libg_nano.a(lib_a-wsetup.o)
 .debug_frame   0x0000000000001770       0x7c c:/mounriver2/mounriver_studio/toolchain/risc-v embedded gcc/bin/../lib/gcc/riscv-none-embed/8.2.0/../../../../riscv-none-embed/lib/rv32imac/ilp32\libg_nano.a(lib_a-fflush.o)
 .debug_frame   0x00000000000017ec      0x148 c:/mounriver2/mounriver_studio/toolchain/risc-v embedded gcc/bin/../lib/gcc/riscv-none-embed/8.2.0/../../../../riscv-none-embed/lib/rv32imac/ilp32\libg_nano.a(lib_a-findfp.o)
 .debug_frame   0x0000000000001934       0x88 c:/mounriver2/mounriver_studio/toolchain/risc-v embedded gcc/bin/../lib/gcc/riscv-none-embed/8.2.0/../../../../riscv-none-embed/lib/rv32imac/ilp32\libg_nano.a(lib_a-fwalk.o)
 .debug_frame   0x00000000000019bc       0x64 c:/mounriver2/mounriver_studio/toolchain/risc-v embedded gcc/bin/../lib/gcc/riscv-none-embed/8.2.0/../../../../riscv-none-embed/lib/rv32imac/ilp32\libg_nano.a(lib_a-makebuf.o)
 .debug_frame   0x0000000000001a20       0x40 c:/mounriver2/mounriver_studio/toolchain/risc-v embedded gcc/bin/../lib/gcc/riscv-none-embed/8.2.0/../../../../riscv-none-embed/lib/rv32imac/ilp32\libg_nano.a(lib_a-nano-freer.o)
 .debug_frame   0x0000000000001a60       0x40 c:/mounriver2/mounriver_studio/toolchain/risc-v embedded gcc/bin/../lib/gcc/riscv-none-embed/8.2.0/../../../../riscv-none-embed/lib/rv32imac/ilp32\libg_nano.a(lib_a-nano-mallocr.o)
 .debug_frame   0x0000000000001aa0       0xd0 c:/mounriver2/mounriver_studio/toolchain/risc-v embedded gcc/bin/../lib/gcc/riscv-none-embed/8.2.0/../../../../riscv-none-embed/lib/rv32imac/ilp32\libg_nano.a(lib_a-nano-vfprintf.o)
 .debug_frame   0x0000000000001b70       0x8c c:/mounriver2/mounriver_studio/toolchain/risc-v embedded gcc/bin/../lib/gcc/riscv-none-embed/8.2.0/../../../../riscv-none-embed/lib/rv32imac/ilp32\libg_nano.a(lib_a-nano-vfprintf_i.o)
 .debug_frame   0x0000000000001bfc       0x30 c:/mounriver2/mounriver_studio/toolchain/risc-v embedded gcc/bin/../lib/gcc/riscv-none-embed/8.2.0/../../../../riscv-none-embed/lib/rv32imac/ilp32\libg_nano.a(lib_a-sbrkr.o)
 .debug_frame   0x0000000000001c2c       0xa4 c:/mounriver2/mounriver_studio/toolchain/risc-v embedded gcc/bin/../lib/gcc/riscv-none-embed/8.2.0/../../../../riscv-none-embed/lib/rv32imac/ilp32\libg_nano.a(lib_a-stdio.o)
 .debug_frame   0x0000000000001cd0       0x30 c:/mounriver2/mounriver_studio/toolchain/risc-v embedded gcc/bin/../lib/gcc/riscv-none-embed/8.2.0/../../../../riscv-none-embed/lib/rv32imac/ilp32\libg_nano.a(lib_a-writer.o)
 .debug_frame   0x0000000000001d00       0x30 c:/mounriver2/mounriver_studio/toolchain/risc-v embedded gcc/bin/../lib/gcc/riscv-none-embed/8.2.0/../../../../riscv-none-embed/lib/rv32imac/ilp32\libg_nano.a(lib_a-closer.o)
 .debug_frame   0x0000000000001d30       0x30 c:/mounriver2/mounriver_studio/toolchain/risc-v embedded gcc/bin/../lib/gcc/riscv-none-embed/8.2.0/../../../../riscv-none-embed/lib/rv32imac/ilp32\libg_nano.a(lib_a-fstatr.o)
 .debug_frame   0x0000000000001d60       0x30 c:/mounriver2/mounriver_studio/toolchain/risc-v embedded gcc/bin/../lib/gcc/riscv-none-embed/8.2.0/../../../../riscv-none-embed/lib/rv32imac/ilp32\libg_nano.a(lib_a-isattyr.o)
 .debug_frame   0x0000000000001d90       0x30 c:/mounriver2/mounriver_studio/toolchain/risc-v embedded gcc/bin/../lib/gcc/riscv-none-embed/8.2.0/../../../../riscv-none-embed/lib/rv32imac/ilp32\libg_nano.a(lib_a-lseekr.o)
 .debug_frame   0x0000000000001dc0       0x20 c:/mounriver2/mounriver_studio/toolchain/risc-v embedded gcc/bin/../lib/gcc/riscv-none-embed/8.2.0/../../../../riscv-none-embed/lib/rv32imac/ilp32\libg_nano.a(lib_a-memchr.o)
 .debug_frame   0x0000000000001de0       0x30 c:/mounriver2/mounriver_studio/toolchain/risc-v embedded gcc/bin/../lib/gcc/riscv-none-embed/8.2.0/../../../../riscv-none-embed/lib/rv32imac/ilp32\libg_nano.a(lib_a-mlock.o)
 .debug_frame   0x0000000000001e10       0x30 c:/mounriver2/mounriver_studio/toolchain/risc-v embedded gcc/bin/../lib/gcc/riscv-none-embed/8.2.0/../../../../riscv-none-embed/lib/rv32imac/ilp32\libg_nano.a(lib_a-readr.o)
 .debug_frame   0x0000000000001e40       0x70 c:/mounriver2/mounriver_studio/toolchain/risc-v embedded gcc/bin/../lib/gcc/riscv-none-embed/8.2.0/../../../../riscv-none-embed/lib/rv32imac/ilp32\libg_nano.a(lib_a-reent.o)
 .debug_frame   0x0000000000001eb0       0x20 c:/mounriver2/mounriver_studio/toolchain/risc-v embedded gcc/bin/../lib/gcc/riscv-none-embed/8.2.0/../../../../riscv-none-embed/lib/rv32imac/ilp32\libnosys.a(close.o)
 .debug_frame   0x0000000000001ed0       0x20 c:/mounriver2/mounriver_studio/toolchain/risc-v embedded gcc/bin/../lib/gcc/riscv-none-embed/8.2.0/../../../../riscv-none-embed/lib/rv32imac/ilp32\libnosys.a(fstat.o)
 .debug_frame   0x0000000000001ef0       0x20 c:/mounriver2/mounriver_studio/toolchain/risc-v embedded gcc/bin/../lib/gcc/riscv-none-embed/8.2.0/../../../../riscv-none-embed/lib/rv32imac/ilp32\libnosys.a(isatty.o)
 .debug_frame   0x0000000000001f10       0x20 c:/mounriver2/mounriver_studio/toolchain/risc-v embedded gcc/bin/../lib/gcc/riscv-none-embed/8.2.0/../../../../riscv-none-embed/lib/rv32imac/ilp32\libnosys.a(lseek.o)
 .debug_frame   0x0000000000001f30       0x20 c:/mounriver2/mounriver_studio/toolchain/risc-v embedded gcc/bin/../lib/gcc/riscv-none-embed/8.2.0/../../../../riscv-none-embed/lib/rv32imac/ilp32\libnosys.a(read.o)

.stab           0x0000000000000000       0x84
 .stab          0x0000000000000000       0x24 c:/mounriver2/mounriver_studio/toolchain/risc-v embedded gcc/bin/../lib/gcc/riscv-none-embed/8.2.0/../../../../riscv-none-embed/lib/rv32imac/ilp32\libnosys.a(close.o)
 .stab          0x0000000000000024       0x18 c:/mounriver2/mounriver_studio/toolchain/risc-v embedded gcc/bin/../lib/gcc/riscv-none-embed/8.2.0/../../../../riscv-none-embed/lib/rv32imac/ilp32\libnosys.a(fstat.o)
                                         0x24 (size before relaxing)
 .stab          0x000000000000003c       0x18 c:/mounriver2/mounriver_studio/toolchain/risc-v embedded gcc/bin/../lib/gcc/riscv-none-embed/8.2.0/../../../../riscv-none-embed/lib/rv32imac/ilp32\libnosys.a(isatty.o)
                                         0x24 (size before relaxing)
 .stab          0x0000000000000054       0x18 c:/mounriver2/mounriver_studio/toolchain/risc-v embedded gcc/bin/../lib/gcc/riscv-none-embed/8.2.0/../../../../riscv-none-embed/lib/rv32imac/ilp32\libnosys.a(lseek.o)
                                         0x24 (size before relaxing)
 .stab          0x000000000000006c       0x18 c:/mounriver2/mounriver_studio/toolchain/risc-v embedded gcc/bin/../lib/gcc/riscv-none-embed/8.2.0/../../../../riscv-none-embed/lib/rv32imac/ilp32\libnosys.a(read.o)
                                         0x24 (size before relaxing)

.stabstr        0x0000000000000000      0x117
 .stabstr       0x0000000000000000      0x117 c:/mounriver2/mounriver_studio/toolchain/risc-v embedded gcc/bin/../lib/gcc/riscv-none-embed/8.2.0/../../../../riscv-none-embed/lib/rv32imac/ilp32\libnosys.a(close.o)
